timestamp,elapsed_s,rss_mb,vsz_mb,sys_used_mb,sys_avail_mb
11:07:09,0,2,8,3212,124727
11:07:14,5,2,8,68725,59215
11:07:19,10,2,8,68755,59185
11:07:24,15,2,8,68774,59166
11:07:29,20,2,8,68758,59181
11:07:34,25,2,8,68711,59228
11:07:39,30,2,8,68811,59128
11:07:44,35,2,8,68779,59161
11:07:49,40,2,8,68791,59148
11:07:54,45,2,8,68826,59113
11:07:59,50,2,8,68822,59117
11:08:04,55,2,8,68848,59091
11:08:09,60,2,8,68855,59085
11:08:14,65,2,8,68862,59077
11:08:19,70,2,8,68895,59044
11:08:24,75,2,8,68870,59069
11:08:29,80,2,8,68863,59076
11:08:34,85,2,8,68868,59059
11:08:39,90,2,8,68947,58992
11:08:44,95,2,8,68941,58998
11:08:49,100,2,8,83928,44011
11:08:55,105,2,8,83990,43949
11:09:00,111,2,8,83975,43965
11:09:05,116,2,8,83972,43967
11:09:10,121,2,8,83971,43967
11:09:15,126,2,8,84115,43825
11:09:20,131,2,8,83977,43962
11:09:25,136,2,8,84169,43771
11:09:30,141,2,8,84176,43763
11:09:35,146,2,8,83983,43956
11:09:40,151,2,8,84206,43733
11:09:45,156,2,8,84234,43706
11:09:50,161,2,8,84236,43702
11:09:55,166,2,8,84273,43666
11:10:00,171,2,8,84276,43664
11:10:05,176,2,8,84297,43642
11:10:10,181,2,8,84317,43622
11:10:15,186,2,8,84315,43624
11:10:20,191,2,8,84334,43605
11:10:25,196,2,8,84354,43586
11:10:30,201,2,8,84381,43558
11:10:35,206,2,8,84404,43535
11:10:40,211,2,8,84428,43511
11:10:45,216,2,8,84442,43498
11:10:50,221,2,8,84452,43488
11:10:55,226,2,8,84471,43468
11:11:01,231,2,8,84489,43450
11:11:06,237,2,8,84497,43443
11:11:11,242,2,8,84541,43399
11:11:16,247,2,8,84553,43386
11:11:21,252,2,8,84566,43374
11:11:26,257,2,8,84578,43361
11:11:31,262,2,8,84588,43351
11:11:36,267,2,8,84611,43328
11:11:41,272,2,8,84626,43313
11:11:46,277,2,8,84627,43313
11:11:51,282,2,8,84642,43297
11:11:56,287,2,8,84660,43279
11:12:01,292,2,8,84679,43261
11:12:06,297,2,8,84693,43246
11:12:11,302,2,8,84733,43206
11:12:16,307,2,8,84726,43214
11:12:21,312,2,8,84738,43201
11:12:26,317,2,8,84764,43175
11:12:31,322,2,8,84762,43178
11:12:36,327,2,8,84769,43170
11:12:41,332,2,8,84786,43153
11:12:46,337,2,8,84800,43139
11:12:51,342,2,8,84809,43130
11:12:56,347,2,8,84823,43116
11:13:02,352,2,8,84827,43113
11:13:07,358,2,8,84842,43098
11:13:12,363,2,8,84864,43076
11:13:17,368,2,8,84881,43059
11:13:22,373,2,8,84887,43052
11:13:27,378,2,8,84904,43035
11:13:32,383,2,8,84912,43028
11:13:37,388,2,8,84922,43018
11:13:42,393,2,8,84946,42993
11:13:47,398,2,8,84949,42991
11:13:52,403,2,8,84953,42986
11:13:57,408,2,8,84961,42979
11:14:02,413,2,8,84978,42962
11:14:07,418,2,8,84981,42958
11:14:12,423,2,8,84995,42945
11:14:17,428,2,8,85017,42923
11:14:22,433,2,8,85013,42927
11:14:27,438,2,8,85031,42908
11:14:32,443,2,8,85064,42876
11:14:37,448,2,8,85059,42880
11:14:42,453,2,8,85063,42877
11:14:47,458,2,8,85079,42860
11:14:52,463,2,8,85074,42865
11:14:57,468,2,8,85100,42839
11:15:03,473,2,8,85109,42831
11:15:08,479,2,8,85101,42838
11:15:13,484,2,8,85134,42806
11:15:18,489,2,8,85132,42807
11:15:23,494,2,8,85138,42801
11:15:28,499,2,8,85148,42792
11:15:33,504,2,8,85149,42790
11:15:38,509,2,8,85160,42779
11:15:43,514,2,8,85176,42764
11:15:48,519,2,8,85179,42760
11:15:53,524,2,8,85200,42740
11:15:58,529,2,8,85210,42730
11:16:03,534,2,8,85219,42720
11:16:08,539,2,8,85220,42719
11:16:13,544,2,8,85256,42683
11:16:18,549,2,8,84619,43248
11:16:23,554,2,8,85266,42673
11:16:28,559,2,8,85285,42654
11:16:33,564,2,8,85273,42666
11:16:38,569,2,8,85281,42658
11:16:43,574,2,8,85288,42651
11:16:48,579,2,8,85307,42632
11:16:53,584,2,8,85300,42640
11:16:58,589,2,8,85307,42633
11:17:03,594,2,8,85332,42608
11:17:09,599,2,8,85336,42604
11:17:14,605,2,8,85346,42594
11:17:19,610,2,8,85346,42594
11:17:24,615,2,8,85358,42581
11:17:29,620,2,8,85361,42579
11:17:34,625,2,8,85355,42585
11:17:39,630,2,8,85357,42583
11:17:44,635,2,8,85401,42538
11:17:49,640,2,8,85404,42536
11:17:54,645,2,8,85410,42529
11:17:59,650,2,8,85412,42526
11:18:04,655,2,8,85415,42524
11:18:09,660,2,8,85429,42510
11:18:14,665,2,8,85435,42504
11:18:19,670,2,8,85438,42501
11:18:24,675,2,8,85422,42518
11:18:29,680,2,8,85423,42516
11:18:34,685,2,8,85392,42547
11:18:39,690,2,8,85399,42541
11:18:44,695,2,8,85411,42529
11:18:49,700,2,8,85416,42524
11:18:54,705,2,8,85437,42502
11:18:59,710,2,8,85440,42500
11:19:04,715,2,8,85444,42495
11:19:09,720,2,8,85461,42478
11:19:15,725,2,8,85483,42457
11:19:20,731,2,8,85469,42470
11:19:25,736,2,8,85479,42461
11:19:30,741,2,8,85472,42467
11:19:35,746,2,8,85497,42441
11:19:40,751,2,8,85511,42428
11:19:45,756,2,8,85524,42415
11:19:50,761,2,8,85519,42420
11:19:55,766,2,8,85520,42420
11:20:00,771,2,8,85536,42404
11:20:05,776,2,8,85537,42402
11:20:10,781,2,8,85547,42393
11:20:15,786,2,8,85548,42392
11:20:20,791,2,8,85572,42368
11:20:25,796,2,8,85576,42364
11:20:30,801,2,8,85585,42354
11:20:35,806,2,8,85574,42366
11:20:40,811,2,8,85603,42337
11:20:45,816,2,8,85593,42346
11:20:50,821,2,8,85620,42320
11:20:55,826,2,8,85620,42319
11:21:00,831,2,8,85621,42319
11:21:05,836,2,8,85631,42309
11:21:10,841,2,8,85628,42312
11:21:15,846,2,8,85648,42292
11:21:21,851,2,8,85652,42288
11:21:26,857,2,8,85662,42277
11:21:31,862,2,8,85656,42284
11:21:36,867,2,8,85663,42276
11:21:41,872,2,8,85670,42269
11:21:46,877,2,8,85676,42264
11:21:51,882,2,8,85692,42247
11:21:56,887,2,8,85697,42242
11:22:01,892,2,8,85700,42239
11:22:06,897,2,8,85703,42237
11:22:11,902,2,8,85730,42210
11:22:16,907,2,8,85736,42203
11:22:21,912,2,8,85759,42180
11:22:26,917,2,8,85774,42165
11:22:31,922,2,8,85779,42161
11:22:36,927,2,8,85787,42153
11:22:41,932,2,8,85784,42155
11:22:46,937,2,8,85813,42126
11:22:51,942,2,8,85809,42131
11:22:56,947,2,8,85795,42144
11:23:01,952,2,8,85809,42131
11:23:06,957,2,8,85812,42128
11:23:11,962,2,8,85842,42098
11:23:16,967,2,8,85825,42115
11:23:22,972,2,8,85834,42106
11:23:27,978,2,8,85845,42094
11:23:32,983,2,8,85853,42087
11:23:37,988,2,8,85864,42075
11:23:42,993,2,8,85875,42065
11:23:47,998,2,8,85871,42069
11:23:52,1003,2,8,85887,42053
11:23:57,1008,2,8,85899,42040
11:24:02,1013,2,8,85912,42027
11:24:07,1018,2,8,85911,42029
11:24:12,1023,2,8,85916,42024
11:24:17,1028,2,8,85931,42009
11:24:22,1033,2,8,85931,42008
11:24:27,1038,2,8,86071,41869
11:24:32,1043,2,8,86068,41872
11:24:37,1048,2,8,86064,41875
